---
source: crates/lexer/src/lib.rs
expression: snapshot
---
main: mov eax, rax
^^^^ Token(Label, "main", (0,0)->(0,4))
      ^^^ Token(Instruction, "mov", (0,6)->(0,9))
          ^^^ Token(Register, "eax", (0,10)->(0,13))
               ^^^ Token(Register, "rax", (0,15)->(0,18))
      mov eax, [esp+120 - rax*2]
      ^^^ Token(Instruction, "mov", (1,6)->(1,9))
          ^^^ Token(Register, "eax", (1,10)->(1,13))
               ^ Token(OpenEffectiveAddress, "[", (1,15)->(1,16))
                ^^^ Token(Label, "esp", (1,16)->(1,19))
                   ^ Token(Plus, "+", (1,19)->(1,20))
                    ^^^ Token(Const, "120", (1,20)->(1,23))
                        ^ Token(Minus, "-", (1,24)->(1,25))
                          ^^^ Token(Label, "rax", (1,26)->(1,29))
                             ^ Token(Times, "*", (1,29)->(1,30))
                              ^ Token(Const, "2", (1,30)->(1,31))
                               ^ Token(CloseEffectiveAddress, "]", (1,31)->(1,32))
 mai: mov eax, rax
 ^^^ Token(Label, "mai", (2,1)->(2,4))
      ^^^ Token(Instruction, "mov", (2,6)->(2,9))
          ^^^ Token(Register, "eax", (2,10)->(2,13))
               ^^^ Token(Register, "rax", (2,15)->(2,18))

