---
source: crates/lexer/src/lib.rs
expression: snapshot
---
main: mov eax, rax ; this is a comment
^^^^ Label : (1/1) "main"
      ^^^ Instruction : (1/7) "mov"
          ^^^ Register : (1/11) "eax"
               ^^^ Register : (1/16) "rax"
                    ^^^^^^^^^^^^^^^^^^ Comment : (1/21) " this is a comment"
      mov ebx, [esp+120 - rax*2]
      ^^^ Instruction : (2/7) "mov"
          ^^^ Register : (2/11) "ebx"
               ^ OpenEffectiveAddress : (2/16) "["
                ^^^ Ident : (2/17) "esp"
                   ^ Plus : (2/20) "+"
                    ^^^ Number(Decimal) : (2/21) "120"
                        ^ Minus : (2/25) "-"
                          ^^^ Ident : (2/27) "rax"
                             ^ Times : (2/30) "*"
                              ^ Number(Decimal) : (2/31) "2"
                               ^ CloseEffectiveAddress : (2/32) "]"
      mov eax, [somewhere - else ]
      ^^^ Instruction : (3/7) "mov"
          ^^^ Register : (3/11) "eax"
               ^ OpenEffectiveAddress : (3/16) "["
                ^^^^^^^^^ Ident : (3/17) "somewhere"
                          ^ Minus : (3/27) "-"
                            ^^^^ Ident : (3/29) "else"
                                 ^ CloseEffectiveAddress : (3/34) "]"
 mai: mov eax, rax ; nonlabel: jmp main
 ^^^ Label : (4/2) "mai"
      ^^^ Instruction : (4/7) "mov"
          ^^^ Register : (4/11) "eax"
               ^^^ Register : (4/16) "rax"
                    ^^^^^^^^^^^^^^^^^^^ Comment : (4/21) " nonlabel: jmp main"
     mov eax, "hell\xabo"
     ^^^ Instruction : (5/6) "mov"
         ^^^ Register : (5/10) "eax"
               ^^^^^^^^^ String : (5/16) "hell\\xabo"

